<html>
<body>
<pre>
<h1>礦ision Build Log</h1>
<h2>Project:</h2>
E:\完成设计的产品\(MCUDEV)-STM32开发板系列\MCUDEV_TFT_144液晶\MCUDEV_TFT_1.44吋液晶(拍照文件)\STM32F103C8T6核心板_TFT144例程\STM32 SPI综合测试代码\TFT_Demo.uvproj
Project File Date:  08/04/2015

<h2>Output:</h2>
Rebuild target 'Target 1'
assembling startup_stm32f10x_hd.s...
compiling stm32f10x_it.c...
compiling main.c...
compiling Lcd_Driver.c...
compiling delay.c...
compiling GUI.c...
compiling TFT_demo.c...
compiling stm32f10x_gpio.c...
compiling misc.c...
compiling stm32f10x_rcc.c...
compiling core_cm3.c...
compiling system_stm32f10x.c...
linking...
Program Size: Code=6654 RO-data=10154 RW-data=36 ZI-data=516  
FromELF: creating hex file...
".\Obj\STM32-FD-FLASHLED.axf" - 0 Errors, 0 Warning(s).
Rebuild target 'Target 1'
assembling startup_stm32f10x_hd.s...
compiling stm32f10x_it.c...
compiling main.c...
compiling Lcd_Driver.c...
compiling delay.c...
compiling GUI.c...
compiling TFT_demo.c...
compiling stm32f10x_gpio.c...
compiling misc.c...
compiling stm32f10x_rcc.c...
compiling core_cm3.c...
compiling system_stm32f10x.c...
linking...
.\Obj\STM32-FD-FLASHLED.axf: Error: L6406E: No space in execution regions with .ANY selector matching tft_demo.o(.constdata).
.\Obj\STM32-FD-FLASHLED.axf: Error: L6407E: Sections of aggregate size 0x18000 bytes could not fit into .ANY selector(s).
".\Obj\STM32-FD-FLASHLED.axf" - 2 Errors, 0 Warning(s).
Target not created
Rebuild target 'Target 1'
assembling startup_stm32f10x_hd.s...
compiling stm32f10x_it.c...
compiling main.c...
compiling Lcd_Driver.c...
compiling delay.c...
compiling GUI.c...
compiling TFT_demo.c...
compiling stm32f10x_gpio.c...
compiling misc.c...
compiling stm32f10x_rcc.c...
compiling core_cm3.c...
compiling system_stm32f10x.c...
linking...
Program Size: Code=6654 RO-data=39722 RW-data=36 ZI-data=516  
FromELF: creating hex file...
".\Obj\STM32-FD-FLASHLED.axf" - 0 Errors, 0 Warning(s).
Build target 'Target 1'
compiling TFT_demo.c...
user\TFT_demo.c(103): warning:  #177-D: variable "j" was declared but never referenced
user\TFT_demo.c(103): warning:  #177-D: variable "k" was declared but never referenced
linking...
Program Size: Code=6714 RO-data=39722 RW-data=36 ZI-data=516  
FromELF: creating hex file...
".\Obj\STM32-FD-FLASHLED.axf" - 0 Errors, 2 Warning(s).
Rebuild target 'Target 1'
assembling startup_stm32f10x_hd.s...
compiling stm32f10x_it.c...
compiling main.c...
compiling Lcd_Driver.c...
compiling delay.c...
compiling GUI.c...
compiling TFT_demo.c...
user\TFT_demo.c(103): warning:  #177-D: variable "j" was declared but never referenced
user\TFT_demo.c(103): warning:  #177-D: variable "k" was declared but never referenced
compiling stm32f10x_gpio.c...
compiling misc.c...
compiling stm32f10x_rcc.c...
compiling core_cm3.c...
compiling system_stm32f10x.c...
linking...
Program Size: Code=6722 RO-data=42922 RW-data=36 ZI-data=516  
FromELF: creating hex file...
".\Obj\STM32-FD-FLASHLED.axf" - 0 Errors, 2 Warning(s).
Rebuild target 'Target 1'
assembling startup_stm32f10x_hd.s...
compiling stm32f10x_it.c...
compiling main.c...
compiling Lcd_Driver.c...
compiling delay.c...
compiling GUI.c...
compiling TFT_demo.c...
user\TFT_demo.c(103): warning:  #177-D: variable "j" was declared but never referenced
user\TFT_demo.c(103): warning:  #177-D: variable "k" was declared but never referenced
compiling stm32f10x_gpio.c...
compiling misc.c...
compiling stm32f10x_rcc.c...
compiling core_cm3.c...
compiling system_stm32f10x.c...
linking...
Program Size: Code=6722 RO-data=42922 RW-data=36 ZI-data=516  
FromELF: creating hex file...
".\Obj\STM32-FD-FLASHLED.axf" - 0 Errors, 2 Warning(s).
Load "E:\\完成设计的产品\\(MCUDEV)-STM32开发板系列\\MCUDEV_TFT_144液晶\\MCUDEV_TFT_1.44吋液晶(拍照文件)\\STM32F103C8T6核心板_TFT144例程\\STM32 SPI综合测试代码\\Obj\\STM32-FD-FLASHLED.axf" 
Full Chip Erase Done.
Programming Done.
Verify OK.
Build target 'Target 1'
linking...
Program Size: Code=6722 RO-data=42922 RW-data=36 ZI-data=516  
FromELF: creating hex file...
".\Obj\STM32-FD-FLASHLED.axf" - 0 Errors, 0 Warning(s).
Rebuild target 'Target 1'
assembling startup_stm32f10x_hd.s...
compiling stm32f10x_it.c...
compiling main.c...
compiling Lcd_Driver.c...
compiling delay.c...
compiling GUI.c...
compiling TFT_demo.c...
user\TFT_demo.c(103): warning:  #177-D: variable "j" was declared but never referenced
user\TFT_demo.c(103): warning:  #177-D: variable "k" was declared but never referenced
compiling stm32f10x_gpio.c...
compiling misc.c...
compiling stm32f10x_rcc.c...
compiling core_cm3.c...
compiling system_stm32f10x.c...
linking...
Program Size: Code=6722 RO-data=42922 RW-data=36 ZI-data=516  
FromELF: creating hex file...
".\Obj\STM32-FD-FLASHLED.axf" - 0 Errors, 2 Warning(s).
Load "E:\\完成设计的产品\\(MCUDEV)-STM32开发板系列\\MCUDEV_TFT_144液晶\\MCUDEV_TFT_1.44吋液晶(拍照文件)\\STM32F103C8T6核心板_TFT144例程\\STM32 SPI综合测试代码\\Obj\\STM32-FD-FLASHLED.axf" 
Full Chip Erase Done.
Programming Done.
Verify OK.
Rebuild target 'Target 1'
assembling startup_stm32f10x_hd.s...
compiling stm32f10x_it.c...
compiling main.c...
compiling Lcd_Driver.c...
compiling delay.c...
compiling GUI.c...
compiling TFT_demo.c...
user\TFT_demo.c(108): warning:  #177-D: variable "j" was declared but never referenced
user\TFT_demo.c(108): warning:  #177-D: variable "k" was declared but never referenced
compiling stm32f10x_gpio.c...
compiling misc.c...
compiling stm32f10x_rcc.c...
compiling core_cm3.c...
compiling system_stm32f10x.c...
linking...
Program Size: Code=6766 RO-data=42922 RW-data=36 ZI-data=516  
FromELF: creating hex file...
".\Obj\STM32-FD-FLASHLED.axf" - 0 Errors, 2 Warning(s).
Rebuild target 'Target 1'
assembling startup_stm32f10x_hd.s...
compiling stm32f10x_it.c...
compiling main.c...
compiling Lcd_Driver.c...
compiling delay.c...
compiling GUI.c...
compiling TFT_demo.c...
user\TFT_demo.c(108): warning:  #177-D: variable "j" was declared but never referenced
user\TFT_demo.c(108): warning:  #177-D: variable "k" was declared but never referenced
compiling stm32f10x_gpio.c...
compiling misc.c...
compiling stm32f10x_rcc.c...
compiling core_cm3.c...
compiling system_stm32f10x.c...
linking...
Program Size: Code=6766 RO-data=42922 RW-data=36 ZI-data=516  
FromELF: creating hex file...
".\Obj\STM32-FD-FLASHLED.axf" - 0 Errors, 2 Warning(s).
Rebuild target 'Target 1'
assembling startup_stm32f10x_hd.s...
compiling stm32f10x_it.c...
compiling main.c...
compiling Lcd_Driver.c...
compiling delay.c...
compiling GUI.c...
compiling TFT_demo.c...
user\TFT_demo.c(108): warning:  #177-D: variable "j" was declared but never referenced
user\TFT_demo.c(108): warning:  #177-D: variable "k" was declared but never referenced
compiling stm32f10x_gpio.c...
compiling misc.c...
compiling stm32f10x_rcc.c...
compiling core_cm3.c...
compiling system_stm32f10x.c...
linking...
Program Size: Code=6766 RO-data=42922 RW-data=36 ZI-data=516  
FromELF: creating hex file...
".\Obj\STM32-FD-FLASHLED.axf" - 0 Errors, 2 Warning(s).
Load "E:\\完成设计的产品\\(MCUDEV)-STM32开发板系列\\MCUDEV_TFT_144液晶\\MCUDEV_TFT_1.44吋液晶(拍照文件)\\STM32F103C8T6核心板_TFT144例程\\STM32 SPI综合测试代码\\Obj\\STM32-FD-FLASHLED.axf" 
Full Chip Erase Done.
Programming Done.
Verify OK.
Rebuild target 'Target 1'
assembling startup_stm32f10x_hd.s...
compiling stm32f10x_it.c...
compiling main.c...
compiling Lcd_Driver.c...
compiling delay.c...
compiling GUI.c...
compiling TFT_demo.c...
user\TFT_demo.c(108): warning:  #177-D: variable "j" was declared but never referenced
user\TFT_demo.c(108): warning:  #177-D: variable "k" was declared but never referenced
compiling stm32f10x_gpio.c...
compiling misc.c...
compiling stm32f10x_rcc.c...
compiling core_cm3.c...
compiling system_stm32f10x.c...
linking...
Program Size: Code=6774 RO-data=42922 RW-data=36 ZI-data=516  
FromELF: creating hex file...
".\Obj\STM32-FD-FLASHLED.axf" - 0 Errors, 2 Warning(s).
Rebuild target 'Target 1'
assembling startup_stm32f10x_hd.s...
compiling stm32f10x_it.c...
compiling main.c...
compiling Lcd_Driver.c...
compiling delay.c...
compiling GUI.c...
compiling TFT_demo.c...
user\TFT_demo.c(108): warning:  #177-D: variable "j" was declared but never referenced
user\TFT_demo.c(108): warning:  #177-D: variable "k" was declared but never referenced
compiling stm32f10x_gpio.c...
compiling misc.c...
compiling stm32f10x_rcc.c...
compiling core_cm3.c...
compiling system_stm32f10x.c...
linking...
Program Size: Code=6774 RO-data=42922 RW-data=36 ZI-data=516  
FromELF: creating hex file...
".\Obj\STM32-FD-FLASHLED.axf" - 0 Errors, 2 Warning(s).
Load "E:\\完成设计的产品\\(MCUDEV)-STM32开发板系列\\MCUDEV_TFT_144液晶\\MCUDEV_TFT_1.44吋液晶(拍照文件)\\STM32F103C8T6核心板_TFT144例程\\STM32 SPI综合测试代码\\Obj\\STM32-FD-FLASHLED.axf" 
Full Chip Erase Done.
Programming Done.
Verify OK.
